
  Time  /Tutorial_ModalFlex/FN_001  /Tutorial_ModalFlex/FN_Measure_Marker_Displacement
 0.00000000e+00   0.00000000e+00 9.98911026e+01
 2.10000000e-03   1.65787575e-02 9.98906956e+01
 4.10000000e-03   6.30257723e-02 9.98881738e+01
 6.50000000e-03   1.57898332e-01 9.98795200e+01
 8.10000000e-03   2.44672559e-01 9.98687549e+01
 1.05000000e-02   4.09813850e-01 9.98425968e+01
 1.21000000e-02   5.43047860e-01 9.98170193e+01
 1.47000000e-02   7.98673162e-01 9.97586274e+01
 1.67000000e-02   1.02797957e+00 9.96972141e+01
 1.87000000e-02   1.28543062e+00 9.96193234e+01
 2.07000000e-02   1.57078505e+00 9.95230047e+01
 2.27000000e-02   1.88380158e+00 9.94062997e+01
 2.47000000e-02   2.22423894e+00 9.92672379e+01
 2.67000000e-02   2.59185585e+00 9.91038319e+01
 2.87000000e-02   2.98641103e+00 9.89140728e+01
 3.07000000e-02   3.40766322e+00 9.86959263e+01
 3.27000000e-02   3.85537114e+00 9.84473278e+01
 3.47000000e-02   4.32929351e+00 9.81661798e+01
 3.67000000e-02   4.82918906e+00 9.78503488e+01
 3.87000000e-02   5.35481651e+00 9.74976634e+01
 4.07000000e-02   5.90593460e+00 9.71059144e+01
 4.27000000e-02   6.48230205e+00 9.66728550e+01
 4.47000000e-02   7.08367758e+00 9.61962043e+01
 4.67000000e-02   7.70981991e+00 9.56736517e+01
 4.87000000e-02   8.36048778e+00 9.51028646e+01
 5.07000000e-02   9.03543992e+00 9.44814980e+01
 5.27000000e-02   9.73443503e+00 9.38072081e+01
 5.47000000e-02   1.04572319e+01 9.30776686e+01
 5.67000000e-02   1.12035891e+01 9.22905911e+01
 5.87000000e-02   1.19732656e+01 9.14437495e+01
 6.07000000e-02   1.27660199e+01 9.05350092e+01
 6.27000000e-02   1.35816108e+01 8.95623599e+01
 6.47000000e-02   1.44197971e+01 8.85239546e+01
 6.67000000e-02   1.52803374e+01 8.74181523e+01
 6.87000000e-02   1.61629905e+01 8.62435672e+01
 7.07000000e-02   1.70675152e+01 8.49991213e+01
 7.27000000e-02   1.79936701e+01 8.36841035e+01
 7.47000000e-02   1.89412139e+01 8.22982330e+01
 7.67000000e-02   1.99099055e+01 8.08417266e+01
 7.87000000e-02   2.08995034e+01 7.93153718e+01
 8.07000000e-02   2.19097665e+01 7.77206025e+01
 8.27000000e-02   2.29404535e+01 7.60595798e+01
 8.47000000e-02   2.39913231e+01 7.43352758e+01
 8.67000000e-02   2.50621340e+01 7.25515619e+01
 8.87000000e-02   2.61526449e+01 7.07133022e+01
 9.07000000e-02   2.72626147e+01 6.88264525e+01
 9.27000000e-02   2.83918019e+01 6.68981671e+01
 9.47000000e-02   2.95399653e+01 6.49369171e+01
 9.67000000e-02   3.07068637e+01 6.29526225e+01
 9.87000000e-02   3.18922558e+01 6.09568023e+01
 1.00700000e-01   3.30959003e+01 5.89627488e+01
 1.02700000e-01   3.43175559e+01 5.69857270e+01
 1.04700000e-01   3.55569813e+01 5.50432019e+01
 1.06700000e-01   3.68139354e+01 5.31550888e+01
 1.08700000e-01   3.80881767e+01 5.13440116e+01
 1.10700000e-01   3.93794641e+01 4.96355423e+01
 1.12700000e-01   4.06875562e+01 4.80583683e+01
 1.14700000e-01   4.20122118e+01 4.66443143e+01
 1.16700000e-01   4.33531896e+01 4.54281151e+01
 1.18700000e-01   4.47102484e+01 4.44468246e+01
 1.20700000e-01   4.60831468e+01 4.37387620e+01
 1.22700000e-01   4.74716436e+01 4.33419666e+01
 1.24700000e-01   4.88754975e+01 4.32922563e+01
 1.26700000e-01   5.02944672e+01 4.36211441e+01
 1.28700000e-01   5.17283115e+01 4.43539928e+01
 1.30700000e-01   5.31767891e+01 4.55087948e+01
 1.32700000e-01   5.46396587e+01 4.70958119e+01
 1.34700000e-01   5.61166791e+01 4.91180410e+01
 1.36700000e-01   5.76076089e+01 5.15722059e+01
 1.38700000e-01   5.91122069e+01 5.44498257e+01
 1.40700000e-01   6.06302318e+01 5.77379129e+01
 1.42700000e-01   6.21614423e+01 6.14189756e+01
 1.44700000e-01   6.37055972e+01 6.54701639e+01
 1.46700000e-01   6.52624552e+01 6.98615613e+01
 1.48700000e-01   6.68317751e+01 7.45537623e+01
 1.50700000e-01   6.84133154e+01 7.94950004e+01
 1.52700000e-01   7.00068351e+01 8.46182041e+01
 1.54700000e-01   7.16120927e+01 8.98384514e+01
 1.56700000e-01   7.32288471e+01 9.50513436e+01
 1.58700000e-01   7.48568569e+01 1.00132807e+02
 1.60700000e-01   7.64958809e+01 1.04940733e+02
 1.62700000e-01   7.81456777e+01 1.09318699e+02
 1.64700000e-01   7.98060062e+01 1.13101794e+02
 1.66700000e-01   8.14766251e+01 1.16124378e+02
 1.68700000e-01   8.31572930e+01 1.18229388e+02
 1.70700000e-01   8.48477687e+01 1.19278674e+02
 1.72700000e-01   8.65478110e+01 1.19163712e+02
 1.74700000e-01   8.82571785e+01 1.17815925e+02
 1.76700000e-01   8.99756300e+01 1.15215685e+02
 1.78700000e-01   9.17029242e+01 1.11398953e+02
 1.80700000e-01   9.34388198e+01 1.06460405e+02
 1.82700000e-01   9.51830756e+01 1.00551970e+02
 1.84700000e-01   9.69354502e+01 9.38761401e+01
 1.86700000e-01   9.86957025e+01 8.66743190e+01
 1.88700000e-01   1.00463591e+02 7.92120258e+01
 1.90700000e-01   1.02238875e+02 7.17644392e+01
 1.92700000e-01   1.04021312e+02 6.46069642e+01
 1.94700000e-01   1.05810662e+02 5.80149902e+01
 1.96700000e-01   1.07606683e+02 5.22736777e+01
 1.98700000e-01   1.09409134e+02 4.76910669e+01
 2.00700000e-01   1.11217774e+02 4.45958711e+01
 2.02700000e-01   1.13032361e+02 4.32939956e+01
 2.04700000e-01   1.14852655e+02 4.39818039e+01
 2.06700000e-01   1.16678413e+02 4.66741615e+01
 2.08700000e-01   1.18509395e+02 5.12167567e+01
 2.10700000e-01   1.20345359e+02 5.73631904e+01
 2.12700000e-01   1.22186064e+02 6.48355693e+01
 2.14700000e-01   1.24031269e+02 7.33288714e+01
 2.16700000e-01   1.25880733e+02 8.24762714e+01
 2.18700000e-01   1.27734213e+02 9.18101332e+01
 2.20700000e-01   1.29591470e+02 1.00747671e+02
 2.22700000e-01   1.31452261e+02 1.08617074e+02
 2.24700000e-01   1.33316346e+02 1.14723578e+02
 2.26700000e-01   1.35183483e+02 1.18441118e+02
 2.28700000e-01   1.37053430e+02 1.19309103e+02
 2.30700000e-01   1.38925947e+02 1.17114847e+02
 2.32700000e-01   1.40800793e+02 1.11945712e+02
 2.34700000e-01   1.42677725e+02 1.04197937e+02
 2.36700000e-01   1.44556504e+02 9.45334263e+01
 2.38700000e-01   1.46436886e+02 8.37869143e+01
 2.40700000e-01   1.48318632e+02 7.28481304e+01
 2.42700000e-01   1.50201500e+02 6.25682835e+01
 2.44700000e-01   1.52085249e+02 5.37420934e+01
 2.46700000e-01   1.53969637e+02 4.71662336e+01
 2.48700000e-01   1.55854423e+02 4.36596874e+01
 2.50700000e-01   1.57739365e+02 4.38470366e+01
 2.52700000e-01   1.59624224e+02 4.77922649e+01
 2.54700000e-01   1.61508756e+02 5.49906552e+01
 2.56700000e-01   1.63392722e+02 6.47126818e+01
 2.58700000e-01   1.65275880e+02 7.61739122e+01
 2.60700000e-01   1.67157987e+02 8.84392281e+01
 2.62700000e-01   1.69038804e+02 1.00302585e+02
 2.64700000e-01   1.70918089e+02 1.10325045e+02
 2.66700000e-01   1.72795601e+02 1.17060385e+02
 2.68700000e-01   1.74671098e+02 1.19376925e+02
 2.70700000e-01   1.76544339e+02 1.16749580e+02
 2.72700000e-01   1.78415083e+02 1.09426219e+02
 2.74700000e-01   1.80283088e+02 9.84114082e+01
 2.76700000e-01   1.82148114e+02 8.52508097e+01
 2.78700000e-01   1.84009918e+02 7.16802680e+01
 2.80700000e-01   1.85868261e+02 5.93231180e+01
 2.82700000e-01   1.87722899e+02 4.96426312e+01
 2.84700000e-01   1.89573593e+02 4.40890826e+01
 2.86700000e-01   1.91420101e+02 4.38727764e+01
 2.88700000e-01   1.93262182e+02 4.91378645e+01
 2.90700000e-01   1.95099593e+02 5.88812940e+01
 2.92700000e-01   1.96932095e+02 7.17464282e+01
 2.94700000e-01   1.98759446e+02 8.62316541e+01
 2.96700000e-01   2.00581404e+02 1.00411393e+02
 2.98700000e-01   2.02397728e+02 1.11928873e+02
 3.00700000e-01   2.04208178e+02 1.18485661e+02
 3.02700000e-01   2.06012511e+02 1.18553214e+02
 3.04700000e-01   2.07810486e+02 1.11919932e+02
 3.06700000e-01   2.09601863e+02 9.98284944e+01
 3.08700000e-01   2.11386400e+02 8.46188012e+01
 3.10700000e-01   2.13163855e+02 6.90080961e+01
 3.12700000e-01   2.14933987e+02 5.54708228e+01
 3.14700000e-01   2.16696556e+02 4.62104713e+01
 3.16700000e-01   2.18451319e+02 4.33052058e+01
 3.18700000e-01   2.20198036e+02 4.76770126e+01
 3.20700000e-01   2.21936465e+02 5.81808674e+01
 3.22700000e-01   2.23666365e+02 7.28023808e+01
 3.24700000e-01   2.25387494e+02 8.92906449e+01
 3.26700000e-01   2.27099612e+02 1.04737344e+02
 3.28700000e-01   2.28802477e+02 1.15722344e+02
 3.30700000e-01   2.30495848e+02 1.19357692e+02
 3.32700000e-01   2.32179484e+02 1.14470676e+02
 3.34700000e-01   2.33853143e+02 1.02168831e+02
 3.36700000e-01   2.35516584e+02 8.54644282e+01
 3.38700000e-01   2.37169566e+02 6.81149041e+01
 3.40700000e-01   2.38811847e+02 5.35260420e+01
 3.42700000e-01   2.40443186e+02 4.46836705e+01
 3.44700000e-01   2.42063343e+02 4.41498110e+01
 3.46700000e-01   2.43672074e+02 5.21629381e+01
 3.48700000e-01   2.45269141e+02 6.64390704e+01
 3.50700000e-01   2.46854300e+02 8.41163991e+01
 3.52700000e-01   2.48427312e+02 1.01681366e+02
 3.54700000e-01   2.49987934e+02 1.14747789e+02
 3.56700000e-01   2.51535925e+02 1.19371628e+02
 3.58700000e-01   2.53071044e+02 1.13890679e+02
 3.60700000e-01   2.54593050e+02 9.98297485e+01
 3.62700000e-01   2.56101701e+02 8.12545214e+01
 3.64700000e-01   2.57596757e+02 6.29579140e+01
 3.66700000e-01   2.59077975e+02 4.90817425e+01
 3.68700000e-01   2.60545116e+02 4.32902618e+01
 3.70700000e-01   2.61997936e+02 4.77499564e+01
 3.72700000e-01   2.63436196e+02 6.07992659e+01
 3.74700000e-01   2.64859653e+02 7.89846293e+01
 3.76700000e-01   2.66268067e+02 9.82607618e+01
 3.78700000e-01   2.67661196e+02 1.13408553e+02
 3.80700000e-01   2.69038800e+02 1.19376947e+02
 3.82700000e-01   2.70400636e+02 1.13836895e+02
 3.84700000e-01   2.71746463e+02 9.85695184e+01
 3.86700000e-01   2.73076041e+02 7.85902296e+01
 3.88700000e-01   2.74389127e+02 5.96500106e+01
 3.90700000e-01   2.75685481e+02 4.66018380e+01
 3.92700000e-01   2.76964862e+02 4.36289808e+01
 3.94700000e-01   2.78227027e+02 5.19898775e+01
 3.96700000e-01   2.79471737e+02 6.85295543e+01
 3.98700000e-01   2.80698749e+02 8.89001195e+01
 4.00700000e-01   2.81907822e+02 1.07640582e+02
 4.02700000e-01   2.83098715e+02 1.18409575e+02
 4.04700000e-01   2.84271187e+02 1.16907525e+02
 4.06700000e-01   2.85424996e+02 1.03520296e+02
 4.08700000e-01   2.86559901e+02 8.32053609e+01
 4.10700000e-01   2.87675662e+02 6.26814674e+01
 4.12700000e-01   2.88772036e+02 4.77803258e+01
 4.14700000e-01   2.89848782e+02 4.34317828e+01
 4.16700000e-01   2.90905659e+02 5.15553287e+01
 4.18700000e-01   2.91942426e+02 6.87559035e+01
 4.20700000e-01   2.92958842e+02 9.00464241e+01
 4.22700000e-01   2.93954665e+02 1.09154388e+02
 4.24700000e-01   2.94929654e+02 1.18986905e+02
 4.26700000e-01   2.95883567e+02 1.15270948e+02
 4.28700000e-01   2.96816164e+02 9.94033016e+01
 4.30700000e-01   2.97727203e+02 7.76511943e+01
 4.32700000e-01   2.98616443e+02 5.74457860e+01
 4.34700000e-01   2.99483642e+02 4.49519290e+01
 4.36700000e-01   3.00328560e+02 4.50692429e+01
 4.38700000e-01   3.01150955e+02 5.76522336e+01
 4.40700000e-01   3.01950586e+02 7.78480956e+01
 4.42700000e-01   3.02727211e+02 9.97001232e+01
 4.44700000e-01   3.03480589e+02 1.15599530e+02
 4.46700000e-01   3.04210479e+02 1.18763218e+02
 4.48700000e-01   3.04916640e+02 1.07585912e+02
 4.50700000e-01   3.05598831e+02 8.68633821e+01
 4.52700000e-01   3.06256809e+02 6.46493534e+01
 4.54700000e-01   3.06890335e+02 4.82073045e+01
 4.56700000e-01   3.07499166e+02 4.34796334e+01
 4.58700000e-01   3.08083061e+02 5.26792741e+01
 4.60700000e-01   3.08641779e+02 7.15930833e+01
 4.62700000e-01   3.09175079e+02 9.41644480e+01
 4.64700000e-01   3.09682719e+02 1.12707705e+02
 4.66700000e-01   3.10164459e+02 1.19350314e+02
 4.68700000e-01   3.10620057e+02 1.10857832e+02
 4.70700000e-01   3.11049271e+02 9.10348611e+01
 4.72700000e-01   3.11451860e+02 6.81165951e+01
 4.74700000e-01   3.11827584e+02 5.00531767e+01
 4.76700000e-01   3.12176201e+02 4.32750808e+01
 4.78700000e-01   3.12497469e+02 5.09695643e+01
 4.80700000e-01   3.12791147e+02 6.93351698e+01
 4.82700000e-01   3.13056995e+02 9.21424925e+01
 4.84700000e-01   3.13294770e+02 1.11589791e+02
 4.86700000e-01   3.13504231e+02 1.19380299e+02
 4.88700000e-01   3.13685138e+02 1.11715399e+02
 4.90700000e-01   3.13837249e+02 9.21221273e+01
 4.92700000e-01   3.13960322e+02 6.89684280e+01
 4.94700000e-01   3.14054117e+02 5.04818524e+01
 4.96700000e-01   3.14118392e+02 4.32661063e+01
 4.98700000e-01   3.14152905e+02 5.07044605e+01
 5.00000000e-01   3.14159265e+02 6.17587583e+01
